------------------------------------------------------------
Timing Analyzer Summary
------------------------------------------------------------

Type  : Slow 1100mV 100C Model Setup 'Clock'
Slack : 1.279
TNS   : 0.000

Type  : Slow 1100mV 100C Model Hold 'Clock'
Slack : 0.416
TNS   : 0.000

Type  : Slow 1100mV 100C Model Recovery 'Clock'
Slack : 15.557
TNS   : 0.000

Type  : Slow 1100mV 100C Model Removal 'Clock'
Slack : 3.538
TNS   : 0.000

Type  : Slow 1100mV 100C Model Minimum Pulse Width 'Clock'
Slack : 9.296
TNS   : 0.000

Type  : Slow 1100mV -40C Model Setup 'Clock'
Slack : 1.262
TNS   : 0.000

Type  : Slow 1100mV -40C Model Hold 'Clock'
Slack : 0.398
TNS   : 0.000

Type  : Slow 1100mV -40C Model Recovery 'Clock'
Slack : 15.531
TNS   : 0.000

Type  : Slow 1100mV -40C Model Removal 'Clock'
Slack : 3.527
TNS   : 0.000

Type  : Slow 1100mV -40C Model Minimum Pulse Width 'Clock'
Slack : 9.172
TNS   : 0.000

Type  : Fast 1100mV 100C Model Setup 'Clock'
Slack : 5.693
TNS   : 0.000

Type  : Fast 1100mV 100C Model Hold 'Clock'
Slack : 0.184
TNS   : 0.000

Type  : Fast 1100mV 100C Model Recovery 'Clock'
Slack : 15.639
TNS   : 0.000

Type  : Fast 1100mV 100C Model Removal 'Clock'
Slack : 3.921
TNS   : 0.000

Type  : Fast 1100mV 100C Model Minimum Pulse Width 'Clock'
Slack : 9.445
TNS   : 0.000

Type  : Fast 1100mV -40C Model Setup 'Clock'
Slack : 6.520
TNS   : 0.000

Type  : Fast 1100mV -40C Model Hold 'Clock'
Slack : 0.171
TNS   : 0.000

Type  : Fast 1100mV -40C Model Recovery 'Clock'
Slack : 15.603
TNS   : 0.000

Type  : Fast 1100mV -40C Model Removal 'Clock'
Slack : 3.944
TNS   : 0.000

Type  : Fast 1100mV -40C Model Minimum Pulse Width 'Clock'
Slack : 9.435
TNS   : 0.000

------------------------------------------------------------
